// Jest Snapshot v1, https://goo.gl/fbAQLP

exports[`MediaModal renders correctly when isOpen is true 1`] = `
<div
  className="sc-bczRLJ drFAoC"
  onClick={[MockFunction]}
>
  <div
    aria-modal="true"
    className="sc-eCYdqJ iZUGnZ"
    role="dialog"
  >
    <div
      className="sc-hKMtZM qarJ"
      onClick={[Function]}
      tabIndex={-1}
    >
      <button
        aria-label="Close media preview"
        className="sc-dkzDqf eiZLKs"
        onClick={[MockFunction]}
      >
        <svg
          height="42"
          viewBox="0 0 42 42"
          width="42"
          xmlns="http://www.w3.org/2000/svg"
        >
          <rect
            fill="none"
            height="40"
            rx="20"
            stroke="white"
            width="40"
            x="1"
            y="1"
          />
          <line
            stroke="white"
            strokeLinecap="round"
            strokeWidth="2"
            x1="16"
            x2="26"
            y1="16"
            y2="26"
          />
          <line
            stroke="white"
            strokeLinecap="round"
            strokeWidth="2"
            x1="26"
            x2="16"
            y1="16"
            y2="26"
          />
        </svg>
      </button>
      <div
        className="sc-gsnTZi kRDrws"
      >
        <div>
          Test Content
        </div>
      </div>
    </div>
  </div>
</div>
`;
